Mon May 09 16:53:28 2016 : Updating test case state to running
/dev/sd* disk count = 4
Welcome to fdisk (util-linux 2.23.2).

Changes will remain in memory only, until you decide to write them.
Be careful before using the write command.


Command (m for help): Selected partition 1
Partition 1 is deleted

Command (m for help): Command (m for help): The partition table has been altered!

Calling ioctl() to re-read partition table.
Syncing disks.
Welcome to fdisk (util-linux 2.23.2).

Changes will remain in memory only, until you decide to write them.
Be careful before using the write command.


Command (m for help): Partition type:
   p   primary (0 primary, 0 extended, 4 free)
   e   extended
Select (default p): Partition number (1-4, default 1): First sector (2048-20971519, default 2048): Using default value 2048
Last sector, +sectors or +size{K,M,G} (2048-20971519, default 20971519): Using default value 20971519
Partition 1 of type Linux and of size 10 GiB is set

Command (m for help): The partition table has been altered!

Calling ioctl() to re-read partition table.
Syncing disks.
mke2fs 1.42.9 (28-Dec-2013)
Filesystem label=
OS type: Linux
Block size=4096 (log=2)
Fragment size=4096 (log=2)
Stride=0 blocks, Stripe width=0 blocks
655360 inodes, 2621184 blocks
131059 blocks (5.00%) reserved for the super user
First data block=0
Maximum filesystem blocks=2684354560
80 block groups
32768 blocks per group, 32768 fragments per group
8192 inodes per group
Superblock backups stored on blocks: 
	32768, 98304, 163840, 229376, 294912, 819200, 884736, 1605632

Allocating group tables:  0/80     done                            
Writing inode tables:  0/8068/80     done                            
Creating journal (32768 blocks): done
Writing superblocks and filesystem accounting information:  0/80 2/80     done

Mon May 09 16:53:39 2016 : mkfs.ext3 /dev/sdb1 successful...
Mon May 09 16:53:39 2016 : Drive mounted successfully...
30+0 records in
30+0 records out
314572800 bytes (315 MB) copied, 3.86986 s, 81.3 MB/s
Mon May 09 16:53:43 2016 : Successful created directory /mnt/Example
Mon May 09 16:53:43 2016 : Listing directory: ls /mnt/Example
data
Filesystem             Size  Used Avail Use% Mounted on
devtmpfs               230M     0  230M   0% /dev
tmpfs                  240M     0  240M   0% /dev/shm
tmpfs                  240M   13M  228M   6% /run
tmpfs                  240M     0  240M   0% /sys/fs/cgroup
/dev/mapper/rhel-root   38G   12G   26G  32% /
/dev/sda1              494M  157M  337M  32% /boot
tmpfs                   48M     0   48M   0% /run/user/0
/dev/sdb1              9.8G  323M  9.0G   4% /mnt
Mon May 09 16:53:44 2016 : Drive unmounted successfully...
Mon May 09 16:53:44 2016 : Disk test completed for /dev/sdb1
