Mon May 09 14:41:03 2016 : Cleaning up previous copies of summary.log
constants disk count= 1
/dev/sd* disk count = 1
Mon May 09 14:41:03 2016 : Start testing filesystem: ext4
/usr/sbin/mkfs.ext4
Warning: The resulting partition is not properly aligned for best performance.
mke2fs 1.42.9 (28-Dec-2013)
Discarding device blocks:       4096/42949672801069551616/42949672801708134400/42949672802880966656/42949672803949465600/4294967280                     done                            
Filesystem label=
OS type: Linux
Block size=4096 (log=2)
Fragment size=4096 (log=2)
Stride=0 blocks, Stripe width=0 blocks
536870912 inodes, 4294967280 blocks
214748364 blocks (5.00%) reserved for the super user
First data block=0
131072 block groups
32768 blocks per group, 32768 fragments per group
4096 inodes per group
Superblock backups stored on blocks: 
	32768, 98304, 163840, 229376, 294912, 819200, 884736, 1605632, 2654208, 
	4096000, 7962624, 11239424, 20480000, 23887872, 71663616, 78675968, 
	102400000, 214990848, 512000000, 550731776, 644972544, 1934917632, 
	2560000000, 3855122432

Allocating group tables:      0/131072  5079/131072 12789/131072 21029/131072 29964/131072 38947/131072 47832/131072 56494/131072 65518/131072 74433/131072 82510/131072 90036/131072 98035/131072105990/131072113944/131072121374/131072128331/131072             done                            
Writing inode tables:      0/131072             done                            
Creating journal (32768 blocks): done
Writing superblocks and filesystem accounting information:      0/131072     6/131072   626/131072 16808/131072 59050/131072 78126/131072117650/131072             done

Mon May 09 14:42:56 2016 : mkfs.ext4 /dev/sdb1 successful...
Mon May 09 14:42:57 2016 : Drive mounted successfully...
50+0 records in
50+0 records out
524288000 bytes (524 MB) copied, 0.625959 s, 838 MB/s
Mon May 09 14:42:58 2016 : Successful created directory /mnt/Example
Mon May 09 14:42:58 2016 : Listing directory: ls /mnt/Example
data
Filesystem             Size  Used Avail Use% Mounted on
devtmpfs               482M     0  482M   0% /dev
tmpfs                  492M     0  492M   0% /dev/shm
tmpfs                  492M  6.5M  486M   2% /run
tmpfs                  492M     0  492M   0% /sys/fs/cgroup
/dev/mapper/rhel-root   38G   12G   26G  32% /
/dev/sda1              494M  157M  337M  32% /boot
tmpfs                   99M     0   99M   0% /run/user/0
/dev/sdb1               16T  501M   16T   1% /mnt
Mon May 09 14:42:58 2016 : Drive unmounted successfully...
Mon May 09 14:42:58 2016 : Disk test completed for /dev/sdb1 with filesystem ext4
Mon May 09 14:42:59 2016 : Creating test data file with size 33554432
We will fill the device /mnt/1 (of size 1073741824) with this data (in 31) and then will check if the data is not corrupted.
This will erase all data in /mnt/1
Mon May 09 14:42:59 2016 : Creating test source file... ()
Mon May 09 14:43:02 2016 : Calculating source checksum...
b42046114df5137721932b3a51abfcabf32fa577
Mon May 09 14:43:02 2016 : Checking 31 blocks
Mon May 09 14:43:02 2016 : Writing block 0 to device /mnt/1 ...
Checking block 0 ...Checksum matched for block 0
Mon May 09 14:43:02 2016 : Writing block 1 to device /mnt/1 ...
Checking block 1 ...Checksum matched for block 1
Mon May 09 14:43:03 2016 : Writing block 2 to device /mnt/1 ...
Checking block 2 ...Checksum matched for block 2
Mon May 09 14:43:03 2016 : Writing block 3 to device /mnt/1 ...
Checking block 3 ...Checksum matched for block 3
Mon May 09 14:43:03 2016 : Writing block 4 to device /mnt/1 ...
Checking block 4 ...Checksum matched for block 4
Mon May 09 14:43:03 2016 : Writing block 5 to device /mnt/1 ...
Checking block 5 ...Checksum matched for block 5
Mon May 09 14:43:04 2016 : Writing block 6 to device /mnt/1 ...
Checking block 6 ...Checksum matched for block 6
Mon May 09 14:43:04 2016 : Writing block 7 to device /mnt/1 ...
Checking block 7 ...Checksum matched for block 7
Mon May 09 14:43:04 2016 : Writing block 8 to device /mnt/1 ...
Checking block 8 ...Checksum matched for block 8
Mon May 09 14:43:04 2016 : Writing block 9 to device /mnt/1 ...
Checking block 9 ...Checksum matched for block 9
Mon May 09 14:43:05 2016 : Writing block 10 to device /mnt/1 ...
Checking block 10 ...Checksum matched for block 10
Mon May 09 14:43:05 2016 : Writing block 11 to device /mnt/1 ...
Checking block 11 ...Checksum matched for block 11
Mon May 09 14:43:05 2016 : Writing block 12 to device /mnt/1 ...
Checking block 12 ...Checksum matched for block 12
Mon May 09 14:43:06 2016 : Writing block 13 to device /mnt/1 ...
Checking block 13 ...Checksum matched for block 13
Mon May 09 14:43:06 2016 : Writing block 14 to device /mnt/1 ...
Checking block 14 ...Checksum matched for block 14
Mon May 09 14:43:06 2016 : Writing block 15 to device /mnt/1 ...
Checking block 15 ...Checksum matched for block 15
Mon May 09 14:43:06 2016 : Writing block 16 to device /mnt/1 ...
Checking block 16 ...Checksum matched for block 16
Mon May 09 14:43:07 2016 : Writing block 17 to device /mnt/1 ...
Checking block 17 ...Checksum matched for block 17
Mon May 09 14:43:07 2016 : Writing block 18 to device /mnt/1 ...
Checking block 18 ...Checksum matched for block 18
Mon May 09 14:43:07 2016 : Writing block 19 to device /mnt/1 ...
Checking block 19 ...Checksum matched for block 19
Mon May 09 14:43:07 2016 : Writing block 20 to device /mnt/1 ...
Checking block 20 ...Checksum matched for block 20
Mon May 09 14:43:08 2016 : Writing block 21 to device /mnt/1 ...
Checking block 21 ...Checksum matched for block 21
Mon May 09 14:43:08 2016 : Writing block 22 to device /mnt/1 ...
Checking block 22 ...Checksum matched for block 22
Mon May 09 14:43:08 2016 : Writing block 23 to device /mnt/1 ...
Checking block 23 ...Checksum matched for block 23
Mon May 09 14:43:08 2016 : Writing block 24 to device /mnt/1 ...
Checking block 24 ...Checksum matched for block 24
Mon May 09 14:43:09 2016 : Writing block 25 to device /mnt/1 ...
Checking block 25 ...Checksum matched for block 25
Mon May 09 14:43:09 2016 : Writing block 26 to device /mnt/1 ...
Checking block 26 ...Checksum matched for block 26
Mon May 09 14:43:09 2016 : Writing block 27 to device /mnt/1 ...
Checking block 27 ...Checksum matched for block 27
Mon May 09 14:43:09 2016 : Writing block 28 to device /mnt/1 ...
Checking block 28 ...Checksum matched for block 28
Mon May 09 14:43:10 2016 : Writing block 29 to device /mnt/1 ...
Checking block 29 ...Checksum matched for block 29
Mon May 09 14:43:10 2016 : Writing block 30 to device /mnt/1 ...
Checking block 30 ...Checksum matched for block 30
Mon May 09 14:43:11 2016 : End testing filesystem: ext4; Test duration: 127.100625400 seconds.
Mon May 09 14:43:11 2016 : Start testing filesystem: xfs
/usr/sbin/mkfs.xfs
Warning: The resulting partition is not properly aligned for best performance.
/dev/sdb1: 2 bytes were erased at offset 0x00000438 (ext4): 53 ef
meta-data=/dev/sdb1              isize=256    agcount=16, agsize=268435455 blks
         =                       sectsz=4096  attr=2, projid32bit=1
         =                       crc=0        finobt=0
data     =                       bsize=4096   blocks=4294967280, imaxpct=5
         =                       sunit=0      swidth=0 blks
naming   =version 2              bsize=4096   ascii-ci=0 ftype=0
log      =internal log           bsize=4096   blocks=521728, version=2
         =                       sectsz=4096  sunit=1 blks, lazy-count=1
realtime =none                   extsz=4096   blocks=0, rtextents=0
Mon May 09 14:43:24 2016 : mkfs.xfs /dev/sdb1 successful...
Mon May 09 14:43:24 2016 : Drive mounted successfully...
50+0 records in
50+0 records out
524288000 bytes (524 MB) copied, 12.7421 s, 41.1 MB/s
Mon May 09 14:43:36 2016 : Successful created directory /mnt/Example
Mon May 09 14:43:36 2016 : Listing directory: ls /mnt/Example
data
Filesystem             Size  Used Avail Use% Mounted on
devtmpfs               482M     0  482M   0% /dev
tmpfs                  492M     0  492M   0% /dev/shm
tmpfs                  492M  6.5M  486M   2% /run
tmpfs                  492M     0  492M   0% /sys/fs/cgroup
/dev/mapper/rhel-root   38G   12G   26G  32% /
/dev/sda1              494M  157M  337M  32% /boot
tmpfs                   99M     0   99M   0% /run/user/0
/dev/sdb1               16T  533M   16T   1% /mnt
Mon May 09 14:43:37 2016 : Drive unmounted successfully...
Mon May 09 14:43:37 2016 : Disk test completed for /dev/sdb1 with filesystem xfs
Mon May 09 14:43:37 2016 : Creating test data file with size 33554432
We will fill the device /mnt/1 (of size 1073741824) with this data (in 31) and then will check if the data is not corrupted.
This will erase all data in /mnt/1
Mon May 09 14:43:37 2016 : Creating test source file... ()
Mon May 09 14:43:40 2016 : Calculating source checksum...
8970b2cd9854fd5699fc487e28c96e86a97d7bf4
Mon May 09 14:43:40 2016 : Checking 31 blocks
Mon May 09 14:43:40 2016 : Writing block 0 to device /mnt/1 ...
Checking block 0 ...Checksum matched for block 0
Mon May 09 14:43:40 2016 : Writing block 1 to device /mnt/1 ...
Checking block 1 ...Checksum matched for block 1
Mon May 09 14:43:41 2016 : Writing block 2 to device /mnt/1 ...
Checking block 2 ...Checksum matched for block 2
Mon May 09 14:43:41 2016 : Writing block 3 to device /mnt/1 ...
Checking block 3 ...Checksum matched for block 3
Mon May 09 14:43:42 2016 : Writing block 4 to device /mnt/1 ...
Checking block 4 ...Checksum matched for block 4
Mon May 09 14:43:42 2016 : Writing block 5 to device /mnt/1 ...
Checking block 5 ...Checksum matched for block 5
Mon May 09 14:43:42 2016 : Writing block 6 to device /mnt/1 ...
Checking block 6 ...Checksum matched for block 6
Mon May 09 14:43:43 2016 : Writing block 7 to device /mnt/1 ...
Checking block 7 ...Checksum matched for block 7
Mon May 09 14:43:43 2016 : Writing block 8 to device /mnt/1 ...
Checking block 8 ...Checksum matched for block 8
Mon May 09 14:43:43 2016 : Writing block 9 to device /mnt/1 ...
Checking block 9 ...Checksum matched for block 9
Mon May 09 14:43:44 2016 : Writing block 10 to device /mnt/1 ...
Checking block 10 ...Checksum matched for block 10
Mon May 09 14:43:44 2016 : Writing block 11 to device /mnt/1 ...
Checking block 11 ...Checksum matched for block 11
Mon May 09 14:43:44 2016 : Writing block 12 to device /mnt/1 ...
Checking block 12 ...Checksum matched for block 12
Mon May 09 14:43:44 2016 : Writing block 13 to device /mnt/1 ...
Checking block 13 ...Checksum matched for block 13
Mon May 09 14:43:45 2016 : Writing block 14 to device /mnt/1 ...
Checking block 14 ...Checksum matched for block 14
Mon May 09 14:43:45 2016 : Writing block 15 to device /mnt/1 ...
Checking block 15 ...Checksum matched for block 15
Mon May 09 14:43:45 2016 : Writing block 16 to device /mnt/1 ...
Checking block 16 ...Checksum matched for block 16
Mon May 09 14:43:45 2016 : Writing block 17 to device /mnt/1 ...
Checking block 17 ...Checksum matched for block 17
Mon May 09 14:43:46 2016 : Writing block 18 to device /mnt/1 ...
Checking block 18 ...Checksum matched for block 18
Mon May 09 14:43:46 2016 : Writing block 19 to device /mnt/1 ...
Checking block 19 ...Checksum matched for block 19
Mon May 09 14:43:46 2016 : Writing block 20 to device /mnt/1 ...
Checking block 20 ...Checksum matched for block 20
Mon May 09 14:43:47 2016 : Writing block 21 to device /mnt/1 ...
Checking block 21 ...Checksum matched for block 21
Mon May 09 14:43:47 2016 : Writing block 22 to device /mnt/1 ...
Checking block 22 ...Checksum matched for block 22
Mon May 09 14:43:47 2016 : Writing block 23 to device /mnt/1 ...
Checking block 23 ...Checksum matched for block 23
Mon May 09 14:43:48 2016 : Writing block 24 to device /mnt/1 ...
Checking block 24 ...Checksum matched for block 24
Mon May 09 14:43:48 2016 : Writing block 25 to device /mnt/1 ...
Checking block 25 ...Checksum matched for block 25
Mon May 09 14:43:48 2016 : Writing block 26 to device /mnt/1 ...
Checking block 26 ...Checksum matched for block 26
Mon May 09 14:43:48 2016 : Writing block 27 to device /mnt/1 ...
Checking block 27 ...Checksum matched for block 27
Mon May 09 14:43:49 2016 : Writing block 28 to device /mnt/1 ...
Checking block 28 ...Checksum matched for block 28
Mon May 09 14:43:49 2016 : Writing block 29 to device /mnt/1 ...
Checking block 29 ...Checksum matched for block 29
Mon May 09 14:43:49 2016 : Writing block 30 to device /mnt/1 ...
Checking block 30 ...Checksum matched for block 30
Mon May 09 14:43:50 2016 : End testing filesystem: xfs; Test duration: 39.007854000 seconds.
Mon May 09 14:43:50 2016 : Start testing filesystem: btrfs
/usr/sbin/mkfs.btrfs
Warning: The resulting partition is not properly aligned for best performance.
/dev/sdb1: 4 bytes were erased at offset 0x00000000 (xfs): 58 46 53 42
btrfs-progs v3.19.1
See http://btrfs.wiki.kernel.org for more information.

Performing full device TRIM (16.00TiB) ...
Turning ON incompat feature 'extref': increased hardlink limit per file to 65536
Turning ON incompat feature 'skinny-metadata': reduced-size metadata extent refs
fs created label (null) on /dev/sdb1
	nodesize 16384 leafsize 16384 sectorsize 4096 size 16.00TiB
Mon May 09 14:44:07 2016 : mkfs.btrfs /dev/sdb1 successful...
Mon May 09 14:44:07 2016 : Drive mounted successfully...
50+0 records in
50+0 records out
524288000 bytes (524 MB) copied, 0.510162 s, 1.0 GB/s
Mon May 09 14:44:08 2016 : Successful created directory /mnt/Example
Mon May 09 14:44:08 2016 : Listing directory: ls /mnt/Example
data
Filesystem             Size  Used Avail Use% Mounted on
devtmpfs               482M     0  482M   0% /dev
tmpfs                  492M     0  492M   0% /dev/shm
tmpfs                  492M  6.5M  486M   2% /run
tmpfs                  492M     0  492M   0% /sys/fs/cgroup
/dev/mapper/rhel-root   38G   12G   26G  32% /
/dev/sda1              494M  157M  337M  32% /boot
tmpfs                   99M     0   99M   0% /run/user/0
/dev/sdb1               16T   17M   16T   1% /mnt
Mon May 09 14:44:08 2016 : Drive unmounted successfully...
Mon May 09 14:44:08 2016 : Disk test completed for /dev/sdb1 with filesystem btrfs
Mon May 09 14:44:08 2016 : Creating test data file with size 33554432
We will fill the device /mnt/1 (of size 1073741824) with this data (in 31) and then will check if the data is not corrupted.
This will erase all data in /mnt/1
Mon May 09 14:44:08 2016 : Creating test source file... ()
Mon May 09 14:44:11 2016 : Calculating source checksum...
fd51cefaf19e804e0df18b96a1eebc030493691d
Mon May 09 14:44:11 2016 : Checking 31 blocks
Mon May 09 14:44:11 2016 : Writing block 0 to device /mnt/1 ...
Checking block 0 ...Checksum matched for block 0
Mon May 09 14:44:11 2016 : Writing block 1 to device /mnt/1 ...
Checking block 1 ...Checksum matched for block 1
Mon May 09 14:44:11 2016 : Writing block 2 to device /mnt/1 ...
Checking block 2 ...Checksum matched for block 2
Mon May 09 14:44:12 2016 : Writing block 3 to device /mnt/1 ...
Checking block 3 ...Checksum matched for block 3
Mon May 09 14:44:12 2016 : Writing block 4 to device /mnt/1 ...
Checking block 4 ...Checksum matched for block 4
Mon May 09 14:44:12 2016 : Writing block 5 to device /mnt/1 ...
Checking block 5 ...Checksum matched for block 5
Mon May 09 14:44:12 2016 : Writing block 6 to device /mnt/1 ...
Checking block 6 ...Checksum matched for block 6
Mon May 09 14:44:12 2016 : Writing block 7 to device /mnt/1 ...
Checking block 7 ...Checksum matched for block 7
Mon May 09 14:44:13 2016 : Writing block 8 to device /mnt/1 ...
Checking block 8 ...Checksum matched for block 8
Mon May 09 14:44:13 2016 : Writing block 9 to device /mnt/1 ...
Checking block 9 ...Checksum matched for block 9
Mon May 09 14:44:13 2016 : Writing block 10 to device /mnt/1 ...
Checking block 10 ...Checksum matched for block 10
Mon May 09 14:44:13 2016 : Writing block 11 to device /mnt/1 ...
Checking block 11 ...Checksum matched for block 11
Mon May 09 14:44:14 2016 : Writing block 12 to device /mnt/1 ...
Checking block 12 ...Checksum matched for block 12
Mon May 09 14:44:14 2016 : Writing block 13 to device /mnt/1 ...
Checking block 13 ...Checksum matched for block 13
Mon May 09 14:44:14 2016 : Writing block 14 to device /mnt/1 ...
Checking block 14 ...Checksum matched for block 14
Mon May 09 14:44:14 2016 : Writing block 15 to device /mnt/1 ...
Checking block 15 ...Checksum matched for block 15
Mon May 09 14:44:14 2016 : Writing block 16 to device /mnt/1 ...
Checking block 16 ...Checksum matched for block 16
Mon May 09 14:44:15 2016 : Writing block 17 to device /mnt/1 ...
Checking block 17 ...Checksum matched for block 17
Mon May 09 14:44:15 2016 : Writing block 18 to device /mnt/1 ...
Checking block 18 ...Checksum matched for block 18
Mon May 09 14:44:15 2016 : Writing block 19 to device /mnt/1 ...
Checking block 19 ...Checksum matched for block 19
Mon May 09 14:44:15 2016 : Writing block 20 to device /mnt/1 ...
Checking block 20 ...Checksum matched for block 20
Mon May 09 14:44:16 2016 : Writing block 21 to device /mnt/1 ...
Checking block 21 ...Checksum matched for block 21
Mon May 09 14:44:16 2016 : Writing block 22 to device /mnt/1 ...
Checking block 22 ...Checksum matched for block 22
Mon May 09 14:44:16 2016 : Writing block 23 to device /mnt/1 ...
Checking block 23 ...Checksum matched for block 23
Mon May 09 14:44:16 2016 : Writing block 24 to device /mnt/1 ...
Checking block 24 ...Checksum matched for block 24
Mon May 09 14:44:17 2016 : Writing block 25 to device /mnt/1 ...
Checking block 25 ...Checksum matched for block 25
Mon May 09 14:44:17 2016 : Writing block 26 to device /mnt/1 ...
Checking block 26 ...Checksum matched for block 26
Mon May 09 14:44:17 2016 : Writing block 27 to device /mnt/1 ...
Checking block 27 ...Checksum matched for block 27
Mon May 09 14:44:17 2016 : Writing block 28 to device /mnt/1 ...
Checking block 28 ...Checksum matched for block 28
Mon May 09 14:44:18 2016 : Writing block 29 to device /mnt/1 ...
Checking block 29 ...Checksum matched for block 29
Mon May 09 14:44:18 2016 : Writing block 30 to device /mnt/1 ...
Checking block 30 ...Checksum matched for block 30
Mon May 09 14:44:19 2016 : End testing filesystem: btrfs; Test duration: 28.873063000 seconds.
