Mon May 09 14:01:42 2016 : Updating test case state to running
Mon May 09 14:01:42 2016 : The Linux guest detected the drive
Welcome to fdisk (util-linux 2.23.2).

Changes will remain in memory only, until you decide to write them.
Be careful before using the write command.


Command (m for help): Partition type:
   p   primary (0 primary, 0 extended, 4 free)
   e   extended
Select (default p): Partition number (1-4, default 1): First sector (2048-4194303, default 2048): Using default value 2048
Last sector, +sectors or +size{K,M,G} (2048-4194303, default 4194303): Using default value 4194303
Partition 2 of type Linux and of size 2 GiB is set

Command (m for help): The partition table has been altered!

Calling ioctl() to re-read partition table.
Syncing disks.
Mon May 09 14:01:42 2016 : Partition created
Mon May 09 14:01:42 2016 : Start testing filesystem: ext4
/usr/sbin/mkfs.ext4
Discarding device blocks:   4096/524032             done                            
Filesystem label=
OS type: Linux
Block size=4096 (log=2)
Fragment size=4096 (log=2)
Stride=0 blocks, Stripe width=0 blocks
131072 inodes, 524032 blocks
26201 blocks (5.00%) reserved for the super user
First data block=0
Maximum filesystem blocks=536870912
16 block groups
32768 blocks per group, 32768 fragments per group
8192 inodes per group
Superblock backups stored on blocks: 
	32768, 98304, 163840, 229376, 294912

Allocating group tables:  0/16     done                            
Writing inode tables:  0/16     done                            
Creating journal (8192 blocks): done
Writing superblocks and filesystem accounting information:  0/16     done

Mon May 09 14:01:42 2016 : Successfully formated partition with ext4
Mon May 09 14:01:42 2016 : Partition mount successful
dos2unix: converting file STOR_VHDXResize_ReadWrite.sh to Unix format ...
Mon May 09 14:01:42 2016 : Unmount partition successful
Welcome to fdisk (util-linux 2.23.2).

Changes will remain in memory only, until you decide to write them.
Be careful before using the write command.


Command (m for help): Selected partition 2
Partition 2 is deleted

Command (m for help): The partition table has been altered!

Calling ioctl() to re-read partition table.
Syncing disks.
