Mon May 09 14:15:28 2016 : Updating test case state to running
Mon May 09 14:15:28 2016 : The Linux guest detected the drive
Mon May 09 14:15:28 2016 : Partition created
Mon May 09 14:15:33 2016 : Start testing filesystem: ext4
/usr/sbin/mkfs.ext4
Discarding device blocks:      4096/562499840                   done                            
Filesystem label=
OS type: Linux
Block size=4096 (log=2)
Fragment size=4096 (log=2)
Stride=0 blocks, Stripe width=0 blocks
140632064 inodes, 562499840 blocks
28124992 blocks (5.00%) reserved for the super user
First data block=0
Maximum filesystem blocks=2711617536
17167 block groups
32768 blocks per group, 32768 fragments per group
8192 inodes per group
Superblock backups stored on blocks: 
	32768, 98304, 163840, 229376, 294912, 819200, 884736, 1605632, 2654208, 
	4096000, 7962624, 11239424, 20480000, 23887872, 71663616, 78675968, 
	102400000, 214990848, 512000000, 550731776

Allocating group tables:     0/17167  137/17167 3970/17167 8520/1716713082/17167           done                            
Writing inode tables:     0/17167           done                            
Creating journal (32768 blocks): done
Writing superblocks and filesystem accounting information:     0/17167           done

Mon May 09 14:15:52 2016 : Successfully formated partition with ext4
Mon May 09 14:15:52 2016 : Partition mount successful
dos2unix: converting file STOR_VHDXResize_ReadWrite.sh to Unix format ...
Mon May 09 14:15:52 2016 : Unmount partition successful
Mon May 09 14:15:52 2016 : Deleting partition successful
